// Jest Snapshot v1, https://goo.gl/fbAQLP

exports[`ProductCard ProductCard 컴포넌트를 렌더링 한다. 1`] = `
ShallowWrapper {
  "length": 1,
  Symbol(enzyme.__root__): [Circular],
  Symbol(enzyme.__unrendered__): <ProductCard
    imageUrl="www.imageUrl.com"
    introduce="간단 소개"
    name="lala-clipping"
    role="개발"
    techs={
        Array [
            "android",
          ]
    }
/>,
  Symbol(enzyme.__renderer__): Object {
    "batchedUpdates": [Function],
    "getNode": [Function],
    "render": [Function],
    "simulateEvent": [Function],
    "unmount": [Function],
  },
  Symbol(enzyme.__node__): Object {
    "instance": null,
    "key": undefined,
    "nodeType": "host",
    "props": Object {
      "children": Array [
        <div
          className="image-wrapper"
>
          <img
                    alt="제품 컨셉 이미지"
                    className="square-image"
                    id="imageUrl"
                    src="www.imageUrl.com"
          />
</div>,
        <div
          className="item-title"
          id="productName"
>
          lala-clipping
</div>,
        <div
          className="group false"
>
          <div
                    className="fieldName"
          >
                    한줄소개
          </div>
          <div
                    id="productSummary"
          >
                    간단 소개
          </div>
</div>,
        <div
          className="group false"
>
          <div
                    className="fieldName"
          >
                    기술 스택
          </div>
          <div
                    id="techs"
          >
                    <div
                              className="badge badge-pill badge-info"
                    >
                              android
                    </div>
          </div>
</div>,
        <div
          className="group false"
>
          <div
                    className="fieldName"
          >
                    역할
          </div>
          <div
                    id="role"
          >
                    개발
          </div>
</div>,
      ],
      "className": "card",
      "onClick": [Function],
    },
    "ref": null,
    "rendered": Array [
      Object {
        "instance": null,
        "key": undefined,
        "nodeType": "host",
        "props": Object {
          "children": <img
            alt="제품 컨셉 이미지"
            className="square-image"
            id="imageUrl"
            src="www.imageUrl.com"
/>,
          "className": "image-wrapper",
        },
        "ref": null,
        "rendered": Object {
          "instance": null,
          "key": undefined,
          "nodeType": "host",
          "props": Object {
            "alt": "제품 컨셉 이미지",
            "className": "square-image",
            "id": "imageUrl",
            "src": "www.imageUrl.com",
          },
          "ref": null,
          "rendered": null,
          "type": "img",
        },
        "type": "div",
      },
      Object {
        "instance": null,
        "key": undefined,
        "nodeType": "host",
        "props": Object {
          "children": "lala-clipping",
          "className": "item-title",
          "id": "productName",
        },
        "ref": null,
        "rendered": "lala-clipping",
        "type": "div",
      },
      Object {
        "instance": null,
        "key": undefined,
        "nodeType": "host",
        "props": Object {
          "children": Array [
            <div
              className="fieldName"
>
              한줄소개
</div>,
            <div
              id="productSummary"
>
              간단 소개
</div>,
          ],
          "className": "group false",
        },
        "ref": null,
        "rendered": Array [
          Object {
            "instance": null,
            "key": undefined,
            "nodeType": "host",
            "props": Object {
              "children": "한줄소개",
              "className": "fieldName",
            },
            "ref": null,
            "rendered": "한줄소개",
            "type": "div",
          },
          Object {
            "instance": null,
            "key": undefined,
            "nodeType": "host",
            "props": Object {
              "children": "간단 소개",
              "id": "productSummary",
            },
            "ref": null,
            "rendered": "간단 소개",
            "type": "div",
          },
        ],
        "type": "div",
      },
      Object {
        "instance": null,
        "key": undefined,
        "nodeType": "host",
        "props": Object {
          "children": Array [
            <div
              className="fieldName"
>
              기술 스택
</div>,
            <div
              id="techs"
>
              <div
                            className="badge badge-pill badge-info"
              >
                            android
              </div>
</div>,
          ],
          "className": "group false",
        },
        "ref": null,
        "rendered": Array [
          Object {
            "instance": null,
            "key": undefined,
            "nodeType": "host",
            "props": Object {
              "children": "기술 스택",
              "className": "fieldName",
            },
            "ref": null,
            "rendered": "기술 스택",
            "type": "div",
          },
          Object {
            "instance": null,
            "key": undefined,
            "nodeType": "host",
            "props": Object {
              "children": Array [
                <div
                  className="badge badge-pill badge-info"
>
                  android
</div>,
              ],
              "id": "techs",
            },
            "ref": null,
            "rendered": Array [
              Object {
                "instance": null,
                "key": "0",
                "nodeType": "host",
                "props": Object {
                  "children": "android",
                  "className": "badge badge-pill badge-info",
                },
                "ref": null,
                "rendered": "android",
                "type": "div",
              },
            ],
            "type": "div",
          },
        ],
        "type": "div",
      },
      Object {
        "instance": null,
        "key": undefined,
        "nodeType": "host",
        "props": Object {
          "children": Array [
            <div
              className="fieldName"
>
              역할
</div>,
            <div
              id="role"
>
              개발
</div>,
          ],
          "className": "group false",
        },
        "ref": null,
        "rendered": Array [
          Object {
            "instance": null,
            "key": undefined,
            "nodeType": "host",
            "props": Object {
              "children": "역할",
              "className": "fieldName",
            },
            "ref": null,
            "rendered": "역할",
            "type": "div",
          },
          Object {
            "instance": null,
            "key": undefined,
            "nodeType": "host",
            "props": Object {
              "children": "개발",
              "id": "role",
            },
            "ref": null,
            "rendered": "개발",
            "type": "div",
          },
        ],
        "type": "div",
      },
    ],
    "type": "div",
  },
  Symbol(enzyme.__nodes__): Array [
    Object {
      "instance": null,
      "key": undefined,
      "nodeType": "host",
      "props": Object {
        "children": Array [
          <div
            className="image-wrapper"
>
            <img
                        alt="제품 컨셉 이미지"
                        className="square-image"
                        id="imageUrl"
                        src="www.imageUrl.com"
            />
</div>,
          <div
            className="item-title"
            id="productName"
>
            lala-clipping
</div>,
          <div
            className="group false"
>
            <div
                        className="fieldName"
            >
                        한줄소개
            </div>
            <div
                        id="productSummary"
            >
                        간단 소개
            </div>
</div>,
          <div
            className="group false"
>
            <div
                        className="fieldName"
            >
                        기술 스택
            </div>
            <div
                        id="techs"
            >
                        <div
                                    className="badge badge-pill badge-info"
                        >
                                    android
                        </div>
            </div>
</div>,
          <div
            className="group false"
>
            <div
                        className="fieldName"
            >
                        역할
            </div>
            <div
                        id="role"
            >
                        개발
            </div>
</div>,
        ],
        "className": "card",
        "onClick": [Function],
      },
      "ref": null,
      "rendered": Array [
        Object {
          "instance": null,
          "key": undefined,
          "nodeType": "host",
          "props": Object {
            "children": <img
              alt="제품 컨셉 이미지"
              className="square-image"
              id="imageUrl"
              src="www.imageUrl.com"
/>,
            "className": "image-wrapper",
          },
          "ref": null,
          "rendered": Object {
            "instance": null,
            "key": undefined,
            "nodeType": "host",
            "props": Object {
              "alt": "제품 컨셉 이미지",
              "className": "square-image",
              "id": "imageUrl",
              "src": "www.imageUrl.com",
            },
            "ref": null,
            "rendered": null,
            "type": "img",
          },
          "type": "div",
        },
        Object {
          "instance": null,
          "key": undefined,
          "nodeType": "host",
          "props": Object {
            "children": "lala-clipping",
            "className": "item-title",
            "id": "productName",
          },
          "ref": null,
          "rendered": "lala-clipping",
          "type": "div",
        },
        Object {
          "instance": null,
          "key": undefined,
          "nodeType": "host",
          "props": Object {
            "children": Array [
              <div
                className="fieldName"
>
                한줄소개
</div>,
              <div
                id="productSummary"
>
                간단 소개
</div>,
            ],
            "className": "group false",
          },
          "ref": null,
          "rendered": Array [
            Object {
              "instance": null,
              "key": undefined,
              "nodeType": "host",
              "props": Object {
                "children": "한줄소개",
                "className": "fieldName",
              },
              "ref": null,
              "rendered": "한줄소개",
              "type": "div",
            },
            Object {
              "instance": null,
              "key": undefined,
              "nodeType": "host",
              "props": Object {
                "children": "간단 소개",
                "id": "productSummary",
              },
              "ref": null,
              "rendered": "간단 소개",
              "type": "div",
            },
          ],
          "type": "div",
        },
        Object {
          "instance": null,
          "key": undefined,
          "nodeType": "host",
          "props": Object {
            "children": Array [
              <div
                className="fieldName"
>
                기술 스택
</div>,
              <div
                id="techs"
>
                <div
                                className="badge badge-pill badge-info"
                >
                                android
                </div>
</div>,
            ],
            "className": "group false",
          },
          "ref": null,
          "rendered": Array [
            Object {
              "instance": null,
              "key": undefined,
              "nodeType": "host",
              "props": Object {
                "children": "기술 스택",
                "className": "fieldName",
              },
              "ref": null,
              "rendered": "기술 스택",
              "type": "div",
            },
            Object {
              "instance": null,
              "key": undefined,
              "nodeType": "host",
              "props": Object {
                "children": Array [
                  <div
                    className="badge badge-pill badge-info"
>
                    android
</div>,
                ],
                "id": "techs",
              },
              "ref": null,
              "rendered": Array [
                Object {
                  "instance": null,
                  "key": "0",
                  "nodeType": "host",
                  "props": Object {
                    "children": "android",
                    "className": "badge badge-pill badge-info",
                  },
                  "ref": null,
                  "rendered": "android",
                  "type": "div",
                },
              ],
              "type": "div",
            },
          ],
          "type": "div",
        },
        Object {
          "instance": null,
          "key": undefined,
          "nodeType": "host",
          "props": Object {
            "children": Array [
              <div
                className="fieldName"
>
                역할
</div>,
              <div
                id="role"
>
                개발
</div>,
            ],
            "className": "group false",
          },
          "ref": null,
          "rendered": Array [
            Object {
              "instance": null,
              "key": undefined,
              "nodeType": "host",
              "props": Object {
                "children": "역할",
                "className": "fieldName",
              },
              "ref": null,
              "rendered": "역할",
              "type": "div",
            },
            Object {
              "instance": null,
              "key": undefined,
              "nodeType": "host",
              "props": Object {
                "children": "개발",
                "id": "role",
              },
              "ref": null,
              "rendered": "개발",
              "type": "div",
            },
          ],
          "type": "div",
        },
      ],
      "type": "div",
    },
  ],
  Symbol(enzyme.__options__): Object {
    "adapter": ReactSixteenAdapter {
      "options": Object {
        "enableComponentDidUpdateOnSetState": true,
      },
    },
  },
}
`;
